################################################################################
#                                                                              #
#      IAR Universal Linker V6.5.1.95                                          #
#                                                                              #
#           Link time     =  13/Jun/2019  20:59:14                             #
#           Target CPU    =  MSP430                                            #
#           List file     =  "C:\Users\Alexander Augusto\Documents\Projects\IA #
#                            R Embedded Workbench Project\Laboratorio\Final Pr #
#                            oject\Debug\List\final_project.map"               #
#           Output file 1 =  "C:\Users\Alexander Augusto\Documents\Projects\IA #
#                            R Embedded Workbench Project\Laboratorio\Final Pr #
#                            oject\Debug\Exe\final_project.d43"                #
#                            Format: ubrof10                                   #
#                            UBROF version 10.0.6                              #
#                            Using library modules for C-SPY (-rt)             #
#           Command line  =  -f                                                #
#                            C:\Users\ALEXAN~1\AppData\Local\Temp\EWC9E7.tmp   #
#                            ("C:\Users\Alexander Augusto\Documents\Projects\I #
#                            AR Embedded Workbench Project\Laboratorio\Final P #
#                            roject\Debug\Obj\main.r43"                        #
#                            -o                                                #
#                            "C:\Users\Alexander Augusto\Documents\Projects\IA #
#                            R Embedded Workbench Project\Laboratorio\Final Pr #
#                            oject\Debug\Exe\final_project.d43"                #
#                            -l                                                #
#                            "C:\Users\Alexander Augusto\Documents\Projects\IA #
#                            R Embedded Workbench Project\Laboratorio\Final Pr #
#                            oject\Debug\List\final_project.map"               #
#                            -xms                                              #
#                            "-IC:\Program Files (x86)\IAR Systems\Embedded Wo #
#                            rkbench 8.0\430\LIB\"                             #
#                            -f                                                #
#                            "C:\Program Files (x86)\IAR Systems\Embedded Work #
#                            bench 8.0\430\config\linker\lnk430g2553.xcl"      #
#                            (-cmsp430 -QCODE_I=CODE_ID -QTLS16_I=TLS16_ID     #
#                            -Z(CONST)INFO=1000-10FF                           #
#                            -Z(CONST)INFOA=10C0-10FF                          #
#                            -Z(CONST)INFOB=1080-10BF                          #
#                            -Z(CONST)INFOC=1040-107F                          #
#                            -Z(CONST)INFOD=1000-103F                          #
#                            -Z(DATA)DATA16_I,DATA16_Z,DATA16_N,TLS16_I=0200-0 #
#                            3FF                                               #
#                            -Z(DATA)DATA16_HEAP+_DATA16_HEAP_SIZE             #
#                            -Z(DATA)CODE_I -Z(DATA)CSTACK+_STACK_SIZE#        #
#                            -Z(CONST)DATA16_C,DATA16_ID,TLS16_ID,DIFUNCT,CHEC #
#                            KSUM=C000-FFDD                                    #
#                            -Z(CODE)CSTART,ISR_CODE,CODE_ID=C000-FFDD         #
#                            -P(CODE)CODE=C000-FFDD                            #
#                            -Z(CONST)SIGNATURE=FFDE-FFDF                      #
#                            -Z(CODE)INTVEC=FFE0-FFFF                          #
#                            -Z(CODE)RESET=FFFE-FFFF) -D_STACK_SIZE=50 -rt     #
#                            "C:\Program Files (x86)\IAR Systems\Embedded Work #
#                            bench 8.0\430\lib\dlib\dl430fn.r43"               #
#                            -e_PrintfLarge=_Printf -e_ScanfLarge=_Scanf       #
#                            -D_DATA16_HEAP_SIZE=50 -s __program_start         #
#                            -D_DATA20_HEAP_SIZE=50)                           #
#                                                                              #
#                           Copyright (C) 1987-2016 IAR Systems AB.            #
################################################################################





                ****************************************
                *                                      *
                *           CROSS REFERENCE            *
                *                                      *
                ****************************************

       Program entry at :           C082  Relocatable, from module : ?cstart




                ****************************************
                *                                      *
                *            RUNTIME MODEL             *
                *                                      *
                ****************************************

  __Heap_Handler             = Basic
  __SystemLibrary            = DLib
  __core                     = 430
  __dlib_file_descriptor     = 0
  __dlib_full_locale_support = 0
  __double_size              = 32
  __pic                      = no
  __reg_r4                   = free
  __reg_r5                   = free
  __rt_version               = 3

                ****************************************
                *                                      *
                *    AUTOMATIC SYMBOL REDIRECTIONS     *
                *                                      *
                ****************************************

                  There are no automatic symbol redirections.



                ****************************************
                *                                      *
                *              MODULE MAP              *
                *                                      *
                ****************************************


  DEFINED ABSOLUTE ENTRIES
    *************************************************************************

  DEFINED ABSOLUTE ENTRIES
  PROGRAM MODULE, NAME : ?ABS_ENTRY_MOD

Absolute parts
           ENTRY                   ADDRESS         REF BY
           =====                   =======         ======
           _DATA20_HEAP_SIZE       0050 
           _DATA16_HEAP_SIZE       0050 
           _STACK_SIZE             0050 
    *************************************************************************

  FILE NAME : C:\Users\Alexander Augusto\Documents\Projects\IAR Embedded Workbench Project\Laboratorio\Final Project\Debug\Obj\main.r43
  PROGRAM MODULE, NAME : main

  SEGMENTS IN THE MODULE
  ======================
DATA16_AN
  Relative segment, address: 0001 - 0001 (0x1 bytes), align: 0
  Segment part 1. ROOT        Intra module refs:   configUART
           ENTRY                   ADDRESS         REF BY
           =====                   =======         ======
           IE2                     0001 
    -------------------------------------------------------------------------
DATA16_AN
  Relative segment, address: 0003 - 0003 (0x1 bytes), align: 0
  Segment part 2. ROOT        Intra module refs:   USCI0RX_ISR
           ENTRY                   ADDRESS         REF BY
           =====                   =======         ======
           IFG2                    0003 
    -------------------------------------------------------------------------
DATA16_AN
  Relative segment, address: 004A - 004A (0x1 bytes), align: 0
  Segment part 3. ROOT        Intra module refs:   leADC
           ENTRY                   ADDRESS         REF BY
           =====                   =======         ======
           ADC10AE0                004A 
    -------------------------------------------------------------------------
DATA16_AN
  Relative segment, address: 01B0 - 01B1 (0x2 bytes), align: 0
  Segment part 4. ROOT        Intra module refs:   configADC
                                                   leADC
           ENTRY                   ADDRESS         REF BY
           =====                   =======         ======
           ADC10CTL0               01B0 
    -------------------------------------------------------------------------
DATA16_AN
  Relative segment, address: 01B2 - 01B3 (0x2 bytes), align: 0
  Segment part 5. ROOT        Intra module refs:   configADC
                                                   leADC
           ENTRY                   ADDRESS         REF BY
           =====                   =======         ======
           ADC10CTL1               01B2 
    -------------------------------------------------------------------------
DATA16_AN
  Relative segment, address: 01B4 - 01B5 (0x2 bytes), align: 0
  Segment part 6. ROOT        Intra module refs:   leADC
           ENTRY                   ADDRESS         REF BY
           =====                   =======         ======
           ADC10MEM                01B4 
    -------------------------------------------------------------------------
DATA16_AN
  Relative segment, address: 0056 - 0056 (0x1 bytes), align: 0
  Segment part 7. ROOT        Intra module refs:   main
           ENTRY                   ADDRESS         REF BY
           =====                   =======         ======
           DCOCTL                  0056 
    -------------------------------------------------------------------------
DATA16_AN
  Relative segment, address: 0057 - 0057 (0x1 bytes), align: 0
  Segment part 8. ROOT        Intra module refs:   main
           ENTRY                   ADDRESS         REF BY
           =====                   =======         ======
           BCSCTL1                 0057 
    -------------------------------------------------------------------------
DATA16_AN
  Relative segment, address: 0022 - 0022 (0x1 bytes), align: 0
  Segment part 9. ROOT        Intra module refs:   main
           ENTRY                   ADDRESS         REF BY
           =====                   =======         ======
           P1DIR                   0022 
    -------------------------------------------------------------------------
DATA16_AN
  Relative segment, address: 0026 - 0026 (0x1 bytes), align: 0
  Segment part 10. ROOT       Intra module refs:   configUART
                                                   main
           ENTRY                   ADDRESS         REF BY
           =====                   =======         ======
           P1SEL                   0026 
    -------------------------------------------------------------------------
DATA16_AN
  Relative segment, address: 0041 - 0041 (0x1 bytes), align: 0
  Segment part 11. ROOT       Intra module refs:   configUART
           ENTRY                   ADDRESS         REF BY
           =====                   =======         ======
           P1SEL2                  0041 
    -------------------------------------------------------------------------
DATA16_AN
  Relative segment, address: 0028 - 0028 (0x1 bytes), align: 0
  Segment part 12. ROOT       Intra module refs:   Timer1_A0_ISR
           ENTRY                   ADDRESS         REF BY
           =====                   =======         ======
           P2IN                    0028 
    -------------------------------------------------------------------------
DATA16_AN
  Relative segment, address: 0029 - 0029 (0x1 bytes), align: 0
  Segment part 13. ROOT       Intra module refs:   main
           ENTRY                   ADDRESS         REF BY
           =====                   =======         ======
           P2OUT                   0029 
    -------------------------------------------------------------------------
DATA16_AN
  Relative segment, address: 002B - 002B (0x1 bytes), align: 0
  Segment part 14. ROOT       Intra module refs:   INTERRUPCAO_EXTERNA_ISR
                                                   configInterrupt
           ENTRY                   ADDRESS         REF BY
           =====                   =======         ======
           P2IFG                   002B 
    -------------------------------------------------------------------------
DATA16_AN
  Relative segment, address: 002C - 002C (0x1 bytes), align: 0
  Segment part 15. ROOT       Intra module refs:   configInterrupt
           ENTRY                   ADDRESS         REF BY
           =====                   =======         ======
           P2IES                   002C 
    -------------------------------------------------------------------------
DATA16_AN
  Relative segment, address: 002D - 002D (0x1 bytes), align: 0
  Segment part 16. ROOT       Intra module refs:   configInterrupt
           ENTRY                   ADDRESS         REF BY
           =====                   =======         ======
           P2IE                    002D 
    -------------------------------------------------------------------------
DATA16_AN
  Relative segment, address: 002F - 002F (0x1 bytes), align: 0
  Segment part 17. ROOT       Intra module refs:   main
           ENTRY                   ADDRESS         REF BY
           =====                   =======         ======
           P2REN                   002F 
    -------------------------------------------------------------------------
DATA16_AN
  Relative segment, address: 0160 - 0161 (0x2 bytes), align: 0
  Segment part 18. ROOT       Intra module refs:   configTimer0
           ENTRY                   ADDRESS         REF BY
           =====                   =======         ======
           TA0CTL                  0160 
    -------------------------------------------------------------------------
DATA16_AN
  Relative segment, address: 0162 - 0163 (0x2 bytes), align: 0
  Segment part 19. ROOT       Intra module refs:   configTimer0
           ENTRY                   ADDRESS         REF BY
           =====                   =======         ======
           TA0CCTL0                0162 
    -------------------------------------------------------------------------
DATA16_AN
  Relative segment, address: 0164 - 0165 (0x2 bytes), align: 0
  Segment part 20. ROOT       Intra module refs:   configTimer0
           ENTRY                   ADDRESS         REF BY
           =====                   =======         ======
           TA0CCTL1                0164 
    -------------------------------------------------------------------------
DATA16_AN
  Relative segment, address: 0172 - 0173 (0x2 bytes), align: 0
  Segment part 21. ROOT       Intra module refs:   configTimer0
           ENTRY                   ADDRESS         REF BY
           =====                   =======         ======
           TA0CCR0                 0172 
    -------------------------------------------------------------------------
DATA16_AN
  Relative segment, address: 0174 - 0175 (0x2 bytes), align: 0
  Segment part 22. ROOT       Intra module refs:   INTERRUPCAO_EXTERNA_ISR
                                                   Timer1_A0_ISR
                                                   configTimer0
           ENTRY                   ADDRESS         REF BY
           =====                   =======         ======
           TA0CCR1                 0174 
    -------------------------------------------------------------------------
DATA16_AN
  Relative segment, address: 0180 - 0181 (0x2 bytes), align: 0
  Segment part 23. ROOT       Intra module refs:   configTimer1
           ENTRY                   ADDRESS         REF BY
           =====                   =======         ======
           TA1CTL                  0180 
    -------------------------------------------------------------------------
DATA16_AN
  Relative segment, address: 0182 - 0183 (0x2 bytes), align: 0
  Segment part 24. ROOT       Intra module refs:   Timer1_A0_ISR
                                                   configTimer1
           ENTRY                   ADDRESS         REF BY
           =====                   =======         ======
           TA1CCTL0                0182 
    -------------------------------------------------------------------------
DATA16_AN
  Relative segment, address: 0192 - 0193 (0x2 bytes), align: 0
  Segment part 25. ROOT       Intra module refs:   configTimer1
           ENTRY                   ADDRESS         REF BY
           =====                   =======         ======
           TA1CCR0                 0192 
    -------------------------------------------------------------------------
DATA16_AN
  Relative segment, address: 0061 - 0061 (0x1 bytes), align: 0
  Segment part 26. ROOT       Intra module refs:   configUART
           ENTRY                   ADDRESS         REF BY
           =====                   =======         ======
           UCA0CTL1                0061 
    -------------------------------------------------------------------------
DATA16_AN
  Relative segment, address: 0062 - 0062 (0x1 bytes), align: 0
  Segment part 27. ROOT       Intra module refs:   configUART
           ENTRY                   ADDRESS         REF BY
           =====                   =======         ======
           UCA0BR0                 0062 
    -------------------------------------------------------------------------
DATA16_AN
  Relative segment, address: 0063 - 0063 (0x1 bytes), align: 0
  Segment part 28. ROOT       Intra module refs:   configUART
           ENTRY                   ADDRESS         REF BY
           =====                   =======         ======
           UCA0BR1                 0063 
    -------------------------------------------------------------------------
DATA16_AN
  Relative segment, address: 0064 - 0064 (0x1 bytes), align: 0
  Segment part 29. ROOT       Intra module refs:   configUART
           ENTRY                   ADDRESS         REF BY
           =====                   =======         ======
           UCA0MCTL                0064 
    -------------------------------------------------------------------------
DATA16_AN
  Relative segment, address: 0065 - 0065 (0x1 bytes), align: 0
  Segment part 30. ROOT       Intra module refs:   UART_TX
           ENTRY                   ADDRESS         REF BY
           =====                   =======         ======
           UCA0STAT                0065 
    -------------------------------------------------------------------------
DATA16_AN
  Relative segment, address: 0066 - 0066 (0x1 bytes), align: 0
  Segment part 31. ROOT       Intra module refs:   USCI0RX_ISR
           ENTRY                   ADDRESS         REF BY
           =====                   =======         ======
           UCA0RXBUF               0066 
    -------------------------------------------------------------------------
DATA16_AN
  Relative segment, address: 0067 - 0067 (0x1 bytes), align: 0
  Segment part 32. ROOT       Intra module refs:   UART_TX
           ENTRY                   ADDRESS         REF BY
           =====                   =======         ======
           UCA0TXBUF               0067 
    -------------------------------------------------------------------------
DATA16_AN
  Relative segment, address: 0120 - 0121 (0x2 bytes), align: 0
  Segment part 33. ROOT       Intra module refs:   main
           ENTRY                   ADDRESS         REF BY
           =====                   =======         ======
           WDTCTL                  0120 
    -------------------------------------------------------------------------
DATA16_AN
  Relative segment, address: 10FE - 10FE (0x1 bytes), align: 0
  Segment part 34. ROOT       Intra module refs:   main
           ENTRY                   ADDRESS         REF BY
           =====                   =======         ======
           CALDCO_1MHZ             10FE 
    -------------------------------------------------------------------------
DATA16_AN
  Relative segment, address: 10FF - 10FF (0x1 bytes), align: 0
  Segment part 35. ROOT       Intra module refs:   main
           ENTRY                   ADDRESS         REF BY
           =====                   =======         ======
           CALBC1_1MHZ             10FF 
    -------------------------------------------------------------------------
DATA16_Z
  Relative segment, address: 0210 - 0223 (0x14 bytes), align: 0
  Segment part 43.            Intra module refs:   main
           ENTRY                   ADDRESS         REF BY
           =====                   =======         ======
           mensagem_tx             0210 
    -------------------------------------------------------------------------
DATA16_Z
  Relative segment, address: 0224 - 0243 (0x20 bytes), align: 0
  Segment part 44.            Intra module refs:   USCI0RX_ISR
                                                   main
           ENTRY                   ADDRESS         REF BY
           =====                   =======         ======
           mensagem_rx             0224 
    -------------------------------------------------------------------------
DATA16_Z
  Relative segment, address: 0202 - 0203 (0x2 bytes), align: 1
  Segment part 45.            Intra module refs:   USCI0RX_ISR
           ENTRY                   ADDRESS         REF BY
           =====                   =======         ======
           tam                     0202 
    -------------------------------------------------------------------------
DATA16_I
  Relative segment, address: 0200 - 0201 (0x2 bytes), align: 1
  Segment part 46.            Intra module refs:   USCI0RX_ISR
                                                   main
           ENTRY                   ADDRESS         REF BY
           =====                   =======         ======
           TAMANHO                 0200 
    -------------------------------------------------------------------------
DATA16_Z
  Relative segment, address: 0204 - 0207 (0x4 bytes), align: 1
  Segment part 49.            Intra module refs:   INTERRUPCAO_EXTERNA_ISR
                                                   Timer1_A0_ISR
                                                   main
           ENTRY                   ADDRESS         REF BY
           =====                   =======         ======
           valorLimite             0204 
    -------------------------------------------------------------------------
DATA16_Z
  Relative segment, address: 0208 - 0209 (0x2 bytes), align: 1
  Segment part 50.            Intra module refs:   main
           ENTRY                   ADDRESS         REF BY
           =====                   =======         ======
           valorAD1                0208 
    -------------------------------------------------------------------------
DATA16_Z
  Relative segment, address: 020A - 020B (0x2 bytes), align: 1
  Segment part 51.            Intra module refs:   main
           ENTRY                   ADDRESS         REF BY
           =====                   =======         ======
           valorAD2                020A 
    -------------------------------------------------------------------------
DATA16_Z
  Relative segment, address: 020C - 020D (0x2 bytes), align: 1
  Segment part 52.            Intra module refs:   INTERRUPCAO_EXTERNA_ISR
                                                   Timer1_A0_ISR
                                                   main
           ENTRY                   ADDRESS         REF BY
           =====                   =======         ======
           valorAD                 020C 
    -------------------------------------------------------------------------
DATA16_Z
  Relative segment, address: 020E - 020F (0x2 bytes), align: 1
  Segment part 53.            Intra module refs:   INTERRUPCAO_EXTERNA_ISR
                                                   main
           ENTRY                   ADDRESS         REF BY
           =====                   =======         ======
           valorPWM                020E 
    -------------------------------------------------------------------------
DATA16_Z
  Relative segment, address: 0244 - 0244 (0x1 bytes), align: 0
  Segment part 54.            Intra module refs:   Timer1_A0_ISR
           ENTRY                   ADDRESS         REF BY
           =====                   =======         ======
           cont                    0244 
    -------------------------------------------------------------------------
<CODE> 1 (was CODE)
  Relative segment, address: CCC6 - CE4F (0x18a bytes), align: 1
  Segment part 61.
           ENTRY                   ADDRESS         REF BY
           =====                   =======         ======
           main                    CCC6            Segment part 19 (?cstart)
               calls direct
    -------------------------------------------------------------------------
<CODE> 1 (was CODE)
  Relative segment, address: D714 - D733 (0x20 bytes), align: 1
  Segment part 56.            Intra module refs:   main
           ENTRY                   ADDRESS         REF BY
           =====                   =======         ======
           configTimer1            D714 
    -------------------------------------------------------------------------
<CODE> 1 (was CODE)
  Relative segment, address: D754 - D771 (0x1e bytes), align: 1
  Segment part 57.            Intra module refs:   main
           ENTRY                   ADDRESS         REF BY
           =====                   =======         ======
           configTimer0            D754 
    -------------------------------------------------------------------------
<CODE> 1 (was CODE)
  Relative segment, address: D88A - D897 (0xe bytes), align: 1
  Segment part 58.            Intra module refs:   main
           ENTRY                   ADDRESS         REF BY
           =====                   =======         ======
           configInterrupt         D88A 
    -------------------------------------------------------------------------
<CODE> 1 (was CODE)
  Relative segment, address: D8B4 - D8C1 (0xe bytes), align: 1
  Segment part 59.            Intra module refs:   main
           ENTRY                   ADDRESS         REF BY
           =====                   =======         ======
           configADC               D8B4 
    -------------------------------------------------------------------------
<CODE> 1 (was CODE)
  Relative segment, address: D322 - D379 (0x58 bytes), align: 1
  Segment part 62.            Intra module refs:   main
           ENTRY                   ADDRESS         REF BY
           =====                   =======         ======
           leADC                   D322 
               calls direct
    -------------------------------------------------------------------------
<CODE> 1 (was CODE)
  Relative segment, address: D6A2 - D6CB (0x2a bytes), align: 1
  Segment part 60.            Intra module refs:   main
           ENTRY                   ADDRESS         REF BY
           =====                   =======         ======
           configUART              D6A2 
    -------------------------------------------------------------------------
<CODE> 1 (was CODE)
  Relative segment, address: D734 - D753 (0x20 bytes), align: 1
  Segment part 55.            Intra module refs:   main
           ENTRY                   ADDRESS         REF BY
           =====                   =======         ======
           UART_TX                 D734 
    -------------------------------------------------------------------------
<CODE> 1 (was CODE)
  Relative segment, address: D4AE - D4F1 (0x44 bytes), align: 1
  Segment part 63.            Intra module refs:   Timer1_A0_ISR::??INTVEC 26
           ENTRY                   ADDRESS         REF BY
           =====                   =======         ======
           Timer1_A0_ISR           D4AE 
               interrupt function
    -------------------------------------------------------------------------
<CODE> 1 (was CODE)
  Relative segment, address: D3CC - D419 (0x4e bytes), align: 1
  Segment part 64.            Intra module refs:   INTERRUPCAO_EXTERNA_ISR::??INTVEC 6
           ENTRY                   ADDRESS         REF BY
           =====                   =======         ======
           INTERRUPCAO_EXTERNA_ISR
                                   D3CC 
               interrupt function
    -------------------------------------------------------------------------
<CODE> 1 (was CODE)
  Relative segment, address: D6CC - D6EF (0x24 bytes), align: 1
  Segment part 65.            Intra module refs:   USCI0RX_ISR::??INTVEC 14
           ENTRY                   ADDRESS         REF BY
           =====                   =======         ======
           USCI0RX_ISR             D6CC 
               interrupt function
    -------------------------------------------------------------------------
INTVEC
  Common segment, address: FFE0 - FFE7 (0x8 bytes), align: 1
  Segment part 36. ROOT 
           ENTRY                   ADDRESS         REF BY
           =====                   =======         ======
           INTERRUPCAO_EXTERNA_ISR::??INTVEC 6
                                   FFE6 
    -------------------------------------------------------------------------
INTVEC
  Common segment, address: FFE0 - FFEF (0x10 bytes), align: 1
  Segment part 37. ROOT 
           ENTRY                   ADDRESS         REF BY
           =====                   =======         ======
           USCI0RX_ISR::??INTVEC 14
                                   FFEE 
    -------------------------------------------------------------------------
INTVEC
  Common segment, address: FFE0 - FFFB (0x1c bytes), align: 1
  Segment part 38. ROOT 
           ENTRY                   ADDRESS         REF BY
           =====                   =======         ======
           Timer1_A0_ISR::??INTVEC 26
                                   FFFA 
    -------------------------------------------------------------------------
DATA16_ID
  Relative segment, address: C080 - C081 (0x2 bytes), align: 1
  Segment part 47.            Intra module refs:   TAMANHO
    -------------------------------------------------------------------------
DATA16_C
  Relative segment, address: C000 - C02C (0x2d bytes), align: 0
  Segment part 40.            Intra module refs:   main
    -------------------------------------------------------------------------
DATA16_C
  Relative segment, address: C02D - C035 (0x9 bytes), align: 0
  Segment part 41.            Intra module refs:   main
    -------------------------------------------------------------------------
DATA16_C
  Relative segment, address: C036 - C066 (0x31 bytes), align: 0
  Segment part 42.            Intra module refs:   main

    *************************************************************************

  FILE NAME : C:\Program Files (x86)\IAR Systems\Embedded Workbench 8.0\430\lib\dlib\dl430fn.r43
  LIBRARY MODULE, NAME : ?__dbg_break

  SEGMENTS IN THE MODULE
  ======================
<CODE> 1 (was CODE)
  Relative segment, address: D8FE - D8FF (0x2 bytes), align: 1
  Segment part 2.
           ENTRY                   ADDRESS         REF BY
           =====                   =======         ======
           __DebugBreak            D8FE            __exit (?__exit)

    -------------------------------------------------------------------------
  LIBRARY MODULE, NAME : ?__exit

  SEGMENTS IN THE MODULE
  ======================
<CODE> 1 (was CODE)
  Relative segment, address: D816 - D827 (0x12 bytes), align: 1
  Segment part 2.
           ENTRY                   ADDRESS         REF BY
           =====                   =======         ======
           __exit                  D816            Segment part 6 (?_exit)
                                                   _exit (?_exit)
               calls direct

    -------------------------------------------------------------------------
  LIBRARY MODULE, NAME : ?_exit

  SEGMENTS IN THE MODULE
  ======================
<CODE> 1 (was CODE)
  Relative segment, address: D8FA, align: 1
  Segment part 0.
           ENTRY                   ADDRESS         REF BY
           =====                   =======         ======
           _exit                   D8FA            exit (?exit)
    -------------------------------------------------------------------------
<CODE> 1 (was CODE)
  Relative segment, address: D8FA - D8FD (0x4 bytes), align: 1
  Segment part 6.             Intra module refs:   _exit

    -------------------------------------------------------------------------
  LIBRARY MODULE, NAME : ?cstart

  SEGMENTS IN THE MODULE
  ======================
CSTACK
  Relative segment, address: 03B0, align: 1
  Segment part 1.
    -------------------------------------------------------------------------
DATA16_Z
  Relative segment, address: 0210, align: 1
  Segment part 2.
    -------------------------------------------------------------------------
DATA16_I
  Relative segment, address: 0202, align: 1
  Segment part 3.
    -------------------------------------------------------------------------
DATA16_ID
  Relative segment, address: C082, align: 1
  Segment part 4.
    -------------------------------------------------------------------------
CSTART
  Relative segment, address: C082 - C085 (0x4 bytes), align: 1
  Segment part 9.
           ENTRY                   ADDRESS         REF BY
           =====                   =======         ======
           __program_start         C082            ?reset_vector (?reset_vector)
                                                   Absolute parts (?ABS_ENTRY_MOD)
           ?cstart_begin           C082 
    -------------------------------------------------------------------------
CSTART
  Relative segment, address: C086 - C091 (0xc bytes), align: 1
  Segment part 14.
           ENTRY                   ADDRESS         REF BY
           =====                   =======         ======
           ?cstart_init_zero       C086            cont (main)
                                                   mensagem_rx (main)
                                                   mensagem_tx (main)
                                                   tam (main)
                                                   valorAD (main)
                                                   valorAD1 (main)
                                                   valorAD2 (main)
                                                   valorLimite (main)
                                                   valorPWM (main)
    -------------------------------------------------------------------------
CSTART
  Relative segment, address: C092 - C0A1 (0x10 bytes), align: 1
  Segment part 15.
           ENTRY                   ADDRESS         REF BY
           =====                   =======         ======
           ?cstart_init_copy       C092            TAMANHO (main)
    -------------------------------------------------------------------------
CSTART
  Relative segment, address: C0A2 - C0A9 (0x8 bytes), align: 1
  Segment part 19.            Intra module refs:   Segment part 9
           ENTRY                   ADDRESS         REF BY
           =====                   =======         ======
           ?cstart_call_main       C0A2 
           ?cstart_end             C0AA 

    -------------------------------------------------------------------------
  LIBRARY MODULE, NAME : ?reset_vector

  SEGMENTS IN THE MODULE
  ======================
RESET
  Relative segment, address: FFFE - FFFF (0x2 bytes), align: 1
  Segment part 0.
           ENTRY                   ADDRESS         REF BY
           =====                   =======         ======
           ?reset_vector           FFFE            Segment part 9 (?cstart)

    -------------------------------------------------------------------------
  LIBRARY MODULE, NAME : ?div64i

  SEGMENTS IN THE MODULE
  ======================
<CODE> 1 (was CODE)
  Relative segment, address: D1F4 - D2A3 (0xb0 bytes), align: 1
  Segment part 2.
           ENTRY                   ADDRESS         REF BY
           =====                   =======         ======
           _Div64u                 D1F4            _LitobLarge (?xprintflarge)
    -------------------------------------------------------------------------
<CODE> 1 (was CODE)
  Relative segment, address: D7A6 - D7BF (0x1a bytes), align: 1
  Segment part 4.             Intra module refs:   _Div64u

    -------------------------------------------------------------------------
  LIBRARY MODULE, NAME : ?div

  SEGMENTS IN THE MODULE
  ======================
<CODE> 1 (was CODE)
  Relative segment, address: D7D8 - D7ED (0x16 bytes), align: 1
  Segment part 0.
           ENTRY                   ADDRESS         REF BY
           =====                   =======         ======
           div                     D7D8            _GenldLarge (?xprintflarge)

    -------------------------------------------------------------------------
  LIBRARY MODULE, NAME : ?Epilogue

  SEGMENTS IN THE MODULE
  ======================
<CODE> 1 (was CODE)
  Relative segment, address: D87C - D87D (0x2 bytes), align: 1
  Segment part 2.
           ENTRY                   ADDRESS         REF BY
           =====                   =======         ======
           ?Epilogue6              D87C            _GenldLarge (?xprintflarge)
                                                   _LdtobLarge (?xprintflarge)
                                                   _LitobLarge (?xprintflarge)
                                                   _PrintfLarge (?xprintflarge)
    -------------------------------------------------------------------------
<CODE> 1 (was CODE)
  Relative segment, address: D87E - D87F (0x2 bytes), align: 1
  Segment part 3.             Intra module refs:   ?Epilogue6
           ENTRY                   ADDRESS         REF BY
           =====                   =======         ======
           ?Epilogue5              D87E 
    -------------------------------------------------------------------------
<CODE> 1 (was CODE)
  Relative segment, address: D880 - D881 (0x2 bytes), align: 1
  Segment part 4.             Intra module refs:   ?Epilogue5
           ENTRY                   ADDRESS         REF BY
           =====                   =======         ======
           ?Epilogue4              D880            _PutcharsLarge (?xprintflarge)
                                                   pad (?xprintflarge)
    -------------------------------------------------------------------------
<CODE> 1 (was CODE)
  Relative segment, address: D882 - D889 (0x8 bytes), align: 1
  Segment part 5.             Intra module refs:   ?Epilogue4
           ENTRY                   ADDRESS         REF BY
           =====                   =======         ======
           ?Epilogue3              D882 

    -------------------------------------------------------------------------
  LIBRARY MODULE, NAME : ?exit

  SEGMENTS IN THE MODULE
  ======================
<CODE> 1 (was CODE)
  Relative segment, address: D8F2 - D8F5 (0x4 bytes), align: 1
  Segment part 2.
           ENTRY                   ADDRESS         REF BY
           =====                   =======         ======
           exit                    D8F2            Segment part 19 (?cstart)
               calls direct

    -------------------------------------------------------------------------
  LIBRARY MODULE, NAME : ?Cast32f32i

  SEGMENTS IN THE MODULE
  ======================
<CODE> 1 (was CODE)
  Relative segment, address: D2A4 - D321 (0x7e bytes), align: 1
  Segment part 1.
           ENTRY                   ADDRESS         REF BY
           =====                   =======         ======
           _Cast32uto32f           D2A4            _LdtobLarge (?xprintflarge)
                                                   main (main)

    -------------------------------------------------------------------------
  LIBRARY MODULE, NAME : _Cast32fto32u

  SEGMENTS IN THE MODULE
  ======================
<CODE> 1 (was CODE)
  Relative segment, address: D8C2 - D8CD (0xc bytes), align: 1
  Segment part 0.
           ENTRY                   ADDRESS         REF BY
           =====                   =======         ======
           _Cast32fto32u           D8C2            _LdtobLarge (?xprintflarge)
                                                   main (main)

    -------------------------------------------------------------------------
  LIBRARY MODULE, NAME : ?FLT_Extract

  SEGMENTS IN THE MODULE
  ======================
<CODE> 1 (was CODE)
  Relative segment, address: D41A - D465 (0x4c bytes), align: 1
  Segment part 0.
           ENTRY                   ADDRESS         REF BY
           =====                   =======         ======
           ?FLT_Extract            D41A            _Cast32fto32u (_Cast32fto32u)

    -------------------------------------------------------------------------
  LIBRARY MODULE, NAME : ?FLT_LT

  SEGMENTS IN THE MODULE
  ======================
<CODE> 1 (was CODE)
  Relative segment, address: D37A - D3CB (0x52 bytes), align: 1
  Segment part 0.
           ENTRY                   ADDRESS         REF BY
           =====                   =======         ======
           ?FLT_LT                 D37A            _LdtobLarge (?xprintflarge)

    -------------------------------------------------------------------------
  LIBRARY MODULE, NAME : _Mul32f

  SEGMENTS IN THE MODULE
  ======================
<CODE> 1 (was CODE)
  Relative segment, address: D0E4 - D1F3 (0x110 bytes), align: 1
  Segment part 0.
           ENTRY                   ADDRESS         REF BY
           =====                   =======         ======
           _Mul32f                 D0E4            _LdtobLarge (?xprintflarge)
                                                   main (main)
                                                   scale (?xprintflarge)

    -------------------------------------------------------------------------
  LIBRARY MODULE, NAME : _Div32f

  SEGMENTS IN THE MODULE
  ======================
<CODE> 1 (was CODE)
  Relative segment, address: CFB4 - D0E3 (0x130 bytes), align: 1
  Segment part 0.
           ENTRY                   ADDRESS         REF BY
           =====                   =======         ======
           _Div32f                 CFB4            _LdtobLarge (?xprintflarge)

    -------------------------------------------------------------------------
  LIBRARY MODULE, NAME : _Add32f

  SEGMENTS IN THE MODULE
  ======================
<CODE> 1 (was CODE)
  Relative segment, address: CE50 - CE53 (0x4 bytes), align: 1
  Segment part 0.
           ENTRY                   ADDRESS         REF BY
           =====                   =======         ======
           _Sub32f                 CE50            _LdtobLarge (?xprintflarge)
    -------------------------------------------------------------------------
<CODE> 1 (was CODE)
  Relative segment, address: CE54 - CFB3 (0x160 bytes), align: 1
  Segment part 1.             Intra module refs:   _Sub32f
           ENTRY                   ADDRESS         REF BY
           =====                   =======         ======
           _Add32f                 CE54 

    -------------------------------------------------------------------------
  LIBRARY MODULE, NAME : ?Mul816

  SEGMENTS IN THE MODULE
  ======================
<CODE> 1 (was CODE)
  Relative segment, address: D614 - D617 (0x4 bytes), align: 1
  Segment part 0.
           ENTRY                   ADDRESS         REF BY
           =====                   =======         ======
           ?Mul8                   D614            _LitobLarge (?xprintflarge)
    -------------------------------------------------------------------------
<CODE> 1 (was CODE)
  Relative segment, address: D618 - D645 (0x2e bytes), align: 1
  Segment part 1.             Intra module refs:   ?Mul8
           ENTRY                   ADDRESS         REF BY
           =====                   =======         ======
           ?Mul16                  D618 
           ?Mul16to32u             D618            ?Mul16to32s (?Mul16to32s)

    -------------------------------------------------------------------------
  LIBRARY MODULE, NAME : ?Mul16to32s

  SEGMENTS IN THE MODULE
  ======================
<CODE> 1 (was CODE)
  Relative segment, address: D772 - D78B (0x1a bytes), align: 1
  Segment part 0.
           ENTRY                   ADDRESS         REF BY
           =====                   =======         ======
           ?Mul16to32s             D772            _LdtobLarge (?xprintflarge)

    -------------------------------------------------------------------------
  LIBRARY MODULE, NAME : ?DivMod816u

  SEGMENTS IN THE MODULE
  ======================
<CODE> 1 (was CODE)
  Relative segment, address: D7C0 - D7D7 (0x18 bytes), align: 1
  Segment part 1.
           ENTRY                   ADDRESS         REF BY
           =====                   =======         ======
           ?DivMod16u              D7C0            ?DivMod16s (?DivMod816s)

    -------------------------------------------------------------------------
  LIBRARY MODULE, NAME : ?DivMod816s

  SEGMENTS IN THE MODULE
  ======================
<CODE> 1 (was CODE)
  Relative segment, address: D646 - D675 (0x30 bytes), align: 1
  Segment part 1.
           ENTRY                   ADDRESS         REF BY
           =====                   =======         ======
           ?DivMod16s              D646            div (?div)
                                                   main (main)

    -------------------------------------------------------------------------
  LIBRARY MODULE, NAME : ?DivMod32u

  SEGMENTS IN THE MODULE
  ======================
<CODE> 1 (was CODE)
  Relative segment, address: D570 - D5A7 (0x38 bytes), align: 1
  Segment part 0.
           ENTRY                   ADDRESS         REF BY
           =====                   =======         ======
           ?DivMod32u              D570            ?DivMod32s (?DivMod32s)
                                                   _LdtobLarge (?xprintflarge)
                                                   leADC (main)

    -------------------------------------------------------------------------
  LIBRARY MODULE, NAME : ?DivMod32s

  SEGMENTS IN THE MODULE
  ======================
<CODE> 1 (was CODE)
  Relative segment, address: D4F2 - D531 (0x40 bytes), align: 1
  Segment part 0.
           ENTRY                   ADDRESS         REF BY
           =====                   =======         ======
           ?DivMod32s              D4F2            _LdtobLarge (?xprintflarge)

    -------------------------------------------------------------------------
  LIBRARY MODULE, NAME : ?ShiftRight16u_n

  SEGMENTS IN THE MODULE
  ======================
<CODE> 1 (was CODE)
  Relative segment, address: D78C - D78F (0x4 bytes), align: 1
  Segment part 0.
           ENTRY                   ADDRESS         REF BY
           =====                   =======         ======
           ?ShiftRight16u_7        D78C            __iar_Dunscale (?xdunscal)
    -------------------------------------------------------------------------
<CODE> 1 (was CODE)
  Relative segment, address: D790 - D793 (0x4 bytes), align: 1
  Segment part 1.             Intra module refs:   ?ShiftRight16u_7
           ENTRY                   ADDRESS         REF BY
           =====                   =======         ======
           ?ShiftRight16u_6        D790 
    -------------------------------------------------------------------------
<CODE> 1 (was CODE)
  Relative segment, address: D794 - D797 (0x4 bytes), align: 1
  Segment part 2.             Intra module refs:   ?ShiftRight16u_6
           ENTRY                   ADDRESS         REF BY
           =====                   =======         ======
           ?ShiftRight16u_5        D794 
    -------------------------------------------------------------------------
<CODE> 1 (was CODE)
  Relative segment, address: D798 - D79B (0x4 bytes), align: 1
  Segment part 3.             Intra module refs:   ?ShiftRight16u_5
           ENTRY                   ADDRESS         REF BY
           =====                   =======         ======
           ?ShiftRight16u_4        D798 
    -------------------------------------------------------------------------
<CODE> 1 (was CODE)
  Relative segment, address: D79C - D7A5 (0xa bytes), align: 1
  Segment part 4.             Intra module refs:   ?ShiftRight16u_4
           ENTRY                   ADDRESS         REF BY
           =====                   =======         ======
           ?ShiftRight16u_3        D79C 

    -------------------------------------------------------------------------
  LIBRARY MODULE, NAME : ?memchr

  SEGMENTS IN THE MODULE
  ======================
<CODE> 1 (was CODE)
  Relative segment, address: D7EE - D801 (0x14 bytes), align: 1
  Segment part 2.
           ENTRY                   ADDRESS         REF BY
           =====                   =======         ======
           __iar_Memchr            D7EE            _PrintfLarge (?xprintflarge)

    -------------------------------------------------------------------------
  LIBRARY MODULE, NAME : ?memcpy

  SEGMENTS IN THE MODULE
  ======================
<CODE> 1 (was CODE)
  Relative segment, address: D83A - D84B (0x12 bytes), align: 1
  Segment part 2.
           ENTRY                   ADDRESS         REF BY
           =====                   =======         ======
           memcpy                  D83A            Segment part 11 (?xprintflarge)
                                                   _GenldLarge (?xprintflarge)
                                                   _LdtobLarge (?xprintflarge)
                                                   __data16_memcpy (?memzero)

    -------------------------------------------------------------------------
  LIBRARY MODULE, NAME : ?memzero

  SEGMENTS IN THE MODULE
  ======================
<CODE> 1 (was CODE)
  Relative segment, address: D85E - D86D (0x10 bytes), align: 1
  Segment part 2.
           ENTRY                   ADDRESS         REF BY
           =====                   =======         ======
           __data16_memzero        D85E            ?cstart_init_zero (?cstart)
    -------------------------------------------------------------------------
<CODE> 1 (was CODE)
  Relative segment, address: D8F6 - D8F9 (0x4 bytes), align: 1
  Segment part 3.
           ENTRY                   ADDRESS         REF BY
           =====                   =======         ======
           __data16_memcpy         D8F6            ?cstart_init_copy (?cstart)
               calls direct

    -------------------------------------------------------------------------
  LIBRARY MODULE, NAME : ?sprintf

  SEGMENTS IN THE MODULE
  ======================
<CODE> 1 (was CODE)
  Relative segment, address: D5A8 - D5DD (0x36 bytes), align: 1
  Segment part 2.
           ENTRY                   ADDRESS         REF BY
           =====                   =======         ======
           sprintf                 D5A8            main (main)
               calls direct

    -------------------------------------------------------------------------
  LIBRARY MODULE, NAME : ?strchr

  SEGMENTS IN THE MODULE
  ======================
<CODE> 1 (was CODE)
  Relative segment, address: D8A6 - D8B3 (0xe bytes), align: 1
  Segment part 2.
           ENTRY                   ADDRESS         REF BY
           =====                   =======         ======
           __iar_Strchr            D8A6            _PrintfLarge (?xprintflarge)

    -------------------------------------------------------------------------
  LIBRARY MODULE, NAME : ?strlen

  SEGMENTS IN THE MODULE
  ======================
<CODE> 1 (was CODE)
  Relative segment, address: D84C - D85D (0x12 bytes), align: 1
  Segment part 2.
           ENTRY                   ADDRESS         REF BY
           =====                   =======         ======
           strlen                  D84C            _PrintfLarge (?xprintflarge)

    -------------------------------------------------------------------------
  LIBRARY MODULE, NAME : ?xdunscal

  SEGMENTS IN THE MODULE
  ======================
<CODE> 1 (was CODE)
  Relative segment, address: D466 - D4AD (0x48 bytes), align: 1
  Segment part 2.
           ENTRY                   ADDRESS         REF BY
           =====                   =======         ======
           __iar_Dunscale          D466            _LdtobLarge (?xprintflarge)
               calls direct

    -------------------------------------------------------------------------
  LIBRARY MODULE, NAME : ?xprintflarge

  SEGMENTS IN THE MODULE
  ======================
<CODE> 1 (was CODE)
  Relative segment, address: C836 - CCC5 (0x490 bytes), align: 1
  Segment part 18.
           ENTRY                   ADDRESS         REF BY
           =====                   =======         ======
           _PrintfLarge            C836            sprintf (?sprintf)
               calls direct
    -------------------------------------------------------------------------
<CODE> 1 (was CODE)
  Relative segment, address: D8CE - D8D9 (0xc bytes), align: 1
  Segment part 20.            Intra module refs:   _PrintfLarge
    -------------------------------------------------------------------------
<CODE> 1 (was CODE)
  Relative segment, address: D8DA - D8E5 (0xc bytes), align: 1
  Segment part 22.            Intra module refs:   _PrintfLarge
    -------------------------------------------------------------------------
<CODE> 1 (was CODE)
  Relative segment, address: D802 - D815 (0x14 bytes), align: 1
  Segment part 25.            Intra module refs:   _PrintfLarge
    -------------------------------------------------------------------------
<CODE> 1 (was CODE)
  Relative segment, address: C0AA - C129 (0x80 bytes), align: 1
  Segment part 8.             Intra module refs:   _PrintfLarge
           LOCAL                   ADDRESS         
           =====                   =======         
           LoadInt                 C0AA 
    -------------------------------------------------------------------------
<CODE> 1 (was CODE)
  Relative segment, address: C12A - C137 (0xe bytes), align: 1
  Segment part 9.             Intra module refs:   LoadInt
    -------------------------------------------------------------------------
<CODE> 1 (was CODE)
  Relative segment, address: C138 - C397 (0x260 bytes), align: 1
  Segment part 10.            Intra module refs:   _LdtobLarge
           LOCAL                   ADDRESS         
           =====                   =======         
           _GenldLarge             C138 
               calls direct
    -------------------------------------------------------------------------
<CODE> 1 (was CODE)
  Relative segment, address: C398 - C3A7 (0x10 bytes), align: 1
  Segment part 11.            Intra module refs:   _GenldLarge
    -------------------------------------------------------------------------
<CODE> 1 (was CODE)
  Relative segment, address: C3A8 - C3C5 (0x1e bytes), align: 1
  Segment part 12.            Intra module refs:   _GenldLarge
    -------------------------------------------------------------------------
<CODE> 1 (was CODE)
  Relative segment, address: C3C6 - C417 (0x52 bytes), align: 1
  Segment part 13.            Intra module refs:   _LdtobLarge
           LOCAL                   ADDRESS         
           =====                   =======         
           scale                   C3C6 
               calls direct
    -------------------------------------------------------------------------
<CODE> 1 (was CODE)
  Relative segment, address: C418 - C669 (0x252 bytes), align: 1
  Segment part 14.            Intra module refs:   _PrintfLarge
           LOCAL                   ADDRESS         
           =====                   =======         
           _LdtobLarge             C418 
               calls direct
    -------------------------------------------------------------------------
<CODE> 1 (was CODE)
  Relative segment, address: C66A - C819 (0x1b0 bytes), align: 1
  Segment part 15.            Intra module refs:   _PrintfLarge
           LOCAL                   ADDRESS         
           =====                   =======         
           _LitobLarge             C66A 
               calls direct
    -------------------------------------------------------------------------
<CODE> 1 (was CODE)
  Relative segment, address: C81A - C82B (0x12 bytes), align: 1
  Segment part 16.            Intra module refs:   _LitobLarge
    -------------------------------------------------------------------------
<CODE> 1 (was CODE)
  Relative segment, address: C82C - C835 (0xa bytes), align: 1
  Segment part 17.            Intra module refs:   LoadInt
                                                   _LitobLarge
                                                   _PrintfLarge
    -------------------------------------------------------------------------
<CODE> 1 (was CODE)
  Relative segment, address: D5DE - D613 (0x36 bytes), align: 1
  Segment part 26.            Intra module refs:   Segment part 22
           LOCAL                   ADDRESS         
           =====                   =======         
           pad                     D5DE 
               calls direct
    -------------------------------------------------------------------------
<CODE> 1 (was CODE)
  Relative segment, address: D6F0 - D713 (0x24 bytes), align: 1
  Segment part 27.            Intra module refs:   _PrintfLarge
                                                   _PutcharsLarge
           LOCAL                   ADDRESS         
           =====                   =======         
           _PutcharLarge           D6F0 
               calls indirect
    -------------------------------------------------------------------------
<CODE> 1 (was CODE)
  Relative segment, address: D676 - D6A1 (0x2c bytes), align: 1
  Segment part 28.            Intra module refs:   Segment part 20
                                                   pad
           LOCAL                   ADDRESS         
           =====                   =======         
           _PutcharsLarge          D676 
               calls direct
    -------------------------------------------------------------------------
<CODE> 1 (was CODE)
  Relative segment, address: D86E - D87B (0xe bytes), align: 1
  Segment part 19.            Intra module refs:   _PrintfLarge
    -------------------------------------------------------------------------
<CODE> 1 (was CODE)
  Relative segment, address: D898 - D8A5 (0xe bytes), align: 1
  Segment part 21.            Intra module refs:   _PrintfLarge
    -------------------------------------------------------------------------
<CODE> 1 (was CODE)
  Relative segment, address: D828 - D839 (0x12 bytes), align: 1
  Segment part 23.            Intra module refs:   _PrintfLarge
    -------------------------------------------------------------------------
<CODE> 1 (was CODE)
  Relative segment, address: D532 - D56F (0x3e bytes), align: 1
  Segment part 24.            Intra module refs:   _PrintfLarge
    -------------------------------------------------------------------------
DATA16_C
  Relative segment, address: C067 - C06D (0x7 bytes), align: 0
  Segment part 2.             Intra module refs:   _PrintfLarge
    -------------------------------------------------------------------------
DATA16_C
  Relative segment, address: C06E - C071 (0x4 bytes), align: 0
  Segment part 3.             Intra module refs:   _LdtobLarge
    -------------------------------------------------------------------------
DATA16_C
  Relative segment, address: C072 - C075 (0x4 bytes), align: 0
  Segment part 4.             Intra module refs:   _LdtobLarge
    -------------------------------------------------------------------------
DATA16_C
  Relative segment, address: C076 - C079 (0x4 bytes), align: 0
  Segment part 5.             Intra module refs:   _LdtobLarge
    -------------------------------------------------------------------------
DATA16_C
  Relative segment, address: C07A - C07D (0x4 bytes), align: 0
  Segment part 6.             Intra module refs:   _LdtobLarge
    -------------------------------------------------------------------------
DATA16_C
  Relative segment, address: C07E - C07F (0x2 bytes), align: 0
  Segment part 7.             Intra module refs:   _GenldLarge

    -------------------------------------------------------------------------
  LIBRARY MODULE, NAME : ?xsprout

  SEGMENTS IN THE MODULE
  ======================
<CODE> 1 (was CODE)
  Relative segment, address: D8E6 - D8F1 (0xc bytes), align: 1
  Segment part 2.
           ENTRY                   ADDRESS         REF BY
           =====                   =======         ======
           _SProut                 D8E6            sprintf (?sprintf)




                ****************************************
                *                                      *
                *      SEGMENTS IN ADDRESS ORDER       *
                *                                      *
                ****************************************


SEGMENT              SPACE    START ADDRESS   END ADDRESS     SIZE  TYPE  ALIGN
=======              =====    =============   ===========     ====  ====  =====
DATA16_AN                              0001 - 0001               1   rel    0
                                       0003 - 0003               1 
                                       0022 - 0022               1 
                                       0026 - 0026               1 
                                       0028 - 0029               2 
                                       002B - 002D               3 
                                       002F - 002F               1 
                                       0041 - 0041               1 
                                       004A - 004A               1 
                                       0056 - 0057               2 
                                       0061 - 0067               7 
                                       0120 - 0121               2 
                                       0160 - 0165               6 
                                       0172 - 0175               4 
                                       0180 - 0183               4 
                                       0192 - 0193               2 
                                       01B0 - 01B5               6 
DATA16_I                               0200 - 0201               2   rel    1
DATA16_Z                               0202 - 0244              43   rel    1
CSTACK                                 03B0 - 03FF              50   rel    1
DATA16_AN                              10FE - 10FF               2   rel    0
DATA16_C                               C000 - C07F              80   rel    0
DATA16_ID                              C080 - C081               2   rel    1
CSTART                                 C082 - C0A9              28   rel    1
<CODE> 1                               C0AA - D8FF            1856   rel    1
INTVEC                                 FFE0 - FFFB              1C   com    1
RESET                                  FFFE - FFFF               2   rel    1

                ****************************************
                *                                      *
                *        END OF CROSS REFERENCE        *
                *                                      *
                ****************************************

 6 300 bytes of CODE  memory
   149 bytes of DATA  memory (+ 47 absolute )
   130 bytes of CONST memory

Errors: none
Warnings: none

